<label for="first_name" >
    Your first name
</label>
