<div
    x-data="{
        initPickr: function (element) {
            
        }
    }"
    x-init="
        let pickr = Pickr.create({&quot;el&quot;:&quot;#color&quot;,&quot;default&quot;:&quot;#FF9900&quot;,&quot;theme&quot;:&quot;classic&quot;,&quot;swatches&quot;:[&quot;000000&quot;,&quot;A0AEC0&quot;,&quot;F56565&quot;,&quot;ED8936&quot;,&quot;ECC94B&quot;,&quot;48BB78&quot;,&quot;38B2AC&quot;,&quot;4299E1&quot;,&quot;667EEA&quot;,&quot;9F7AEA&quot;,&quot;ED64A6&quot;,&quot;FFFFFF&quot;],&quot;components&quot;:{&quot;preview&quot;:true,&quot;interaction&quot;:{&quot;hex&quot;:true,&quot;input&quot;:true,&quot;clear&quot;:true,&quot;save&quot;:true}}});
        let input = document.getElementById('color-input');

        pickr.on('save', function (color) {
            let currentColor = color ? color.toHEXA().toString() : '';

            $dispatch('input', currentColor);
            input.setAttribute('value', currentColor);
            $root.setAttribute('title', currentColor);
        });
        
        pickr.on('change', function (color) {
            let currentColor = color ? color.toHEXA().toString() : '';

            $dispatch('change', currentColor);
        });
    "
    title="#FF9900"
>
    <div id="color"></div>

    <input
        id="color-input"
        name="color"
        type="hidden"
        value="#FF9900"    />
</div>
