<div
    x-data="{
        initPickr: function (element) {
            
        }
    }"
    x-init="
        let pickr = Pickr.create({&quot;el&quot;:&quot;#color&quot;,&quot;default&quot;:&quot;&quot;,&quot;theme&quot;:&quot;monolith&quot;,&quot;swatches&quot;:[&quot;000000&quot;,&quot;A0AEC0&quot;,&quot;F56565&quot;,&quot;ED8936&quot;,&quot;ECC94B&quot;,&quot;48BB78&quot;,&quot;38B2AC&quot;,&quot;4299E1&quot;,&quot;667EEA&quot;,&quot;9F7AEA&quot;,&quot;ED64A6&quot;,&quot;FFFFFF&quot;],&quot;components&quot;:{&quot;preview&quot;:true,&quot;interaction&quot;:{&quot;hex&quot;:true,&quot;input&quot;:true,&quot;clear&quot;:true,&quot;save&quot;:true}}});
        let input = document.getElementById('color-input');

        pickr.on('save', function (color) {
            let currentColor = color ? color.toHEXA().toString() : '';

            input.setAttribute('value', currentColor);
            element.setAttribute('title', currentColor);

            $dispatch('buk:color-save', {
                id: 'color',
                color: currentColor
            });
        });

        pickr.on('change', function (color) {
            let currentColor = color ? color.toHEXA().toString() : '';

            $dispatch('buk:color-change', {
                id: 'color',
                color: currentColor
            });
        });
    "
    title=""
>
    <div id="color"></div>

    <input
        id="color-input"
        name="color"
        type="hidden"
            />
</div>
